// Jest Snapshot v1, https://goo.gl/fbAQLP

exports[`matches snapshot: empty dropdown 1`] = `
<Dropdown>
  <div
    className="formField --dropdown"
  />
</Dropdown>
`;

exports[`matches snapshot: non-empty dropdown 1`] = `
<Dropdown
  items={
    Array [
      Object {
        "name": "top",
      },
      Object {
        "name": "kek",
      },
    ]
  }
>
  <div
    className="formField --dropdown"
  >
    <select
      onChange={[Function]}
    >
      <option
        key="0"
        value={0}
      >
        top
      </option>
      <option
        key="1"
        value={1}
      >
        kek
      </option>
    </select>
  </div>
</Dropdown>
`;
