// Jest Snapshot v1, https://goo.gl/fbAQLP

exports[`renders properly 1`] = `
<Range
  max={10}
  min={0}
>
  <div
    className="formField --range"
  >
    <ForwardRef(Input)
      list="none"
      max={10}
      min={0}
      step={1}
      type="range"
    >
      <input
        list="none"
        max={10}
        min={0}
        step={1}
        type="range"
      />
    </ForwardRef(Input)>
    <datalist
      id="none"
    >
      <option
        key="none-0"
        label={0}
        value={0}
      >
        0
      </option>
      <option
        key="none-1"
        value={1}
      >
        1
      </option>
      <option
        key="none-2"
        value={2}
      >
        2
      </option>
      <option
        key="none-3"
        value={3}
      >
        3
      </option>
      <option
        key="none-4"
        value={4}
      >
        4
      </option>
      <option
        key="none-5"
        value={5}
      >
        5
      </option>
      <option
        key="none-6"
        value={6}
      >
        6
      </option>
      <option
        key="none-7"
        value={7}
      >
        7
      </option>
      <option
        key="none-8"
        value={8}
      >
        8
      </option>
      <option
        key="none-9"
        label={9}
        value={9}
      >
        9
      </option>
    </datalist>
  </div>
</Range>
`;
