// Jest Snapshot v1, https://goo.gl/fbAQLP

exports[`matches snapshot: LayoutHeader minimal data 1`] = `
<header
  class="root"
>
  <div
    class="logoWrapper"
  >
    <img
      alt="Logo"
      class="logo"
      src="logo.svg"
    />
  </div>
  <div
    class="wrapper"
  >
    <div
      class="flex-horizontal -vertical-center -justify-end pad -p-right"
    />
  </div>
</header>
`;
