// Jest Snapshot v1, https://goo.gl/fbAQLP

exports[`matches snapshot: LayoutHeader minimal data 1`] = `
<header
  class="layoutHeader"
>
  <div
    class="layoutHeader__logoWrapper"
  >
    <img
      alt="Logo"
      class="layoutHeader__logo"
      src="logo.svg"
    />
  </div>
  <div
    class="layoutHeader__wrapper"
  >
    <div
      class="flex-horizontal -vertical-center -justify-end pad -p-right"
    />
  </div>
</header>
`;
