// Jest Snapshot v1, https://goo.gl/fbAQLP

exports[`matches snapshot 1`] = `
<div
  className="core-canvas__pixelGrid"
>
  <svg
    className="core-canvas__pixelGrid-svg"
    height={512}
    width={512}
  >
    <g
      className="y-range"
    >
      <line
        key="y-0"
        x1={0}
        x2="100%"
        y1={-0.5}
        y2={-0.5}
      />
      <line
        key="y-1"
        x1={0}
        x2="100%"
        y1={15.5}
        y2={15.5}
      />
      <line
        key="y-2"
        x1={0}
        x2="100%"
        y1={31.5}
        y2={31.5}
      />
      <line
        key="y-3"
        x1={0}
        x2="100%"
        y1={47.5}
        y2={47.5}
      />
      <line
        key="y-4"
        x1={0}
        x2="100%"
        y1={63.5}
        y2={63.5}
      />
      <line
        key="y-5"
        x1={0}
        x2="100%"
        y1={79.5}
        y2={79.5}
      />
      <line
        key="y-6"
        x1={0}
        x2="100%"
        y1={95.5}
        y2={95.5}
      />
      <line
        key="y-7"
        x1={0}
        x2="100%"
        y1={111.5}
        y2={111.5}
      />
      <line
        key="y-8"
        x1={0}
        x2="100%"
        y1={127.5}
        y2={127.5}
      />
      <line
        key="y-9"
        x1={0}
        x2="100%"
        y1={143.5}
        y2={143.5}
      />
      <line
        key="y-10"
        x1={0}
        x2="100%"
        y1={159.5}
        y2={159.5}
      />
      <line
        key="y-11"
        x1={0}
        x2="100%"
        y1={175.5}
        y2={175.5}
      />
      <line
        key="y-12"
        x1={0}
        x2="100%"
        y1={191.5}
        y2={191.5}
      />
      <line
        key="y-13"
        x1={0}
        x2="100%"
        y1={207.5}
        y2={207.5}
      />
      <line
        key="y-14"
        x1={0}
        x2="100%"
        y1={223.5}
        y2={223.5}
      />
      <line
        key="y-15"
        x1={0}
        x2="100%"
        y1={239.5}
        y2={239.5}
      />
      <line
        key="y-16"
        x1={0}
        x2="100%"
        y1={255.5}
        y2={255.5}
      />
      <line
        key="y-17"
        x1={0}
        x2="100%"
        y1={271.5}
        y2={271.5}
      />
      <line
        key="y-18"
        x1={0}
        x2="100%"
        y1={287.5}
        y2={287.5}
      />
      <line
        key="y-19"
        x1={0}
        x2="100%"
        y1={303.5}
        y2={303.5}
      />
      <line
        key="y-20"
        x1={0}
        x2="100%"
        y1={319.5}
        y2={319.5}
      />
      <line
        key="y-21"
        x1={0}
        x2="100%"
        y1={335.5}
        y2={335.5}
      />
      <line
        key="y-22"
        x1={0}
        x2="100%"
        y1={351.5}
        y2={351.5}
      />
      <line
        key="y-23"
        x1={0}
        x2="100%"
        y1={367.5}
        y2={367.5}
      />
      <line
        key="y-24"
        x1={0}
        x2="100%"
        y1={383.5}
        y2={383.5}
      />
      <line
        key="y-25"
        x1={0}
        x2="100%"
        y1={399.5}
        y2={399.5}
      />
      <line
        key="y-26"
        x1={0}
        x2="100%"
        y1={415.5}
        y2={415.5}
      />
      <line
        key="y-27"
        x1={0}
        x2="100%"
        y1={431.5}
        y2={431.5}
      />
      <line
        key="y-28"
        x1={0}
        x2="100%"
        y1={447.5}
        y2={447.5}
      />
      <line
        key="y-29"
        x1={0}
        x2="100%"
        y1={463.5}
        y2={463.5}
      />
      <line
        key="y-30"
        x1={0}
        x2="100%"
        y1={479.5}
        y2={479.5}
      />
      <line
        key="y-31"
        x1={0}
        x2="100%"
        y1={495.5}
        y2={495.5}
      />
    </g>
    <g
      className="x-range"
    >
      <line
        key="x-0"
        x1={-0.5}
        x2={-0.5}
        y1={0}
        y2="100%"
      />
      <line
        key="x-1"
        x1={15.5}
        x2={15.5}
        y1={0}
        y2="100%"
      />
      <line
        key="x-2"
        x1={31.5}
        x2={31.5}
        y1={0}
        y2="100%"
      />
      <line
        key="x-3"
        x1={47.5}
        x2={47.5}
        y1={0}
        y2="100%"
      />
      <line
        key="x-4"
        x1={63.5}
        x2={63.5}
        y1={0}
        y2="100%"
      />
      <line
        key="x-5"
        x1={79.5}
        x2={79.5}
        y1={0}
        y2="100%"
      />
      <line
        key="x-6"
        x1={95.5}
        x2={95.5}
        y1={0}
        y2="100%"
      />
      <line
        key="x-7"
        x1={111.5}
        x2={111.5}
        y1={0}
        y2="100%"
      />
      <line
        key="x-8"
        x1={127.5}
        x2={127.5}
        y1={0}
        y2="100%"
      />
      <line
        key="x-9"
        x1={143.5}
        x2={143.5}
        y1={0}
        y2="100%"
      />
      <line
        key="x-10"
        x1={159.5}
        x2={159.5}
        y1={0}
        y2="100%"
      />
      <line
        key="x-11"
        x1={175.5}
        x2={175.5}
        y1={0}
        y2="100%"
      />
      <line
        key="x-12"
        x1={191.5}
        x2={191.5}
        y1={0}
        y2="100%"
      />
      <line
        key="x-13"
        x1={207.5}
        x2={207.5}
        y1={0}
        y2="100%"
      />
      <line
        key="x-14"
        x1={223.5}
        x2={223.5}
        y1={0}
        y2="100%"
      />
      <line
        key="x-15"
        x1={239.5}
        x2={239.5}
        y1={0}
        y2="100%"
      />
      <line
        key="x-16"
        x1={255.5}
        x2={255.5}
        y1={0}
        y2="100%"
      />
      <line
        key="x-17"
        x1={271.5}
        x2={271.5}
        y1={0}
        y2="100%"
      />
      <line
        key="x-18"
        x1={287.5}
        x2={287.5}
        y1={0}
        y2="100%"
      />
      <line
        key="x-19"
        x1={303.5}
        x2={303.5}
        y1={0}
        y2="100%"
      />
      <line
        key="x-20"
        x1={319.5}
        x2={319.5}
        y1={0}
        y2="100%"
      />
      <line
        key="x-21"
        x1={335.5}
        x2={335.5}
        y1={0}
        y2="100%"
      />
      <line
        key="x-22"
        x1={351.5}
        x2={351.5}
        y1={0}
        y2="100%"
      />
      <line
        key="x-23"
        x1={367.5}
        x2={367.5}
        y1={0}
        y2="100%"
      />
      <line
        key="x-24"
        x1={383.5}
        x2={383.5}
        y1={0}
        y2="100%"
      />
      <line
        key="x-25"
        x1={399.5}
        x2={399.5}
        y1={0}
        y2="100%"
      />
      <line
        key="x-26"
        x1={415.5}
        x2={415.5}
        y1={0}
        y2="100%"
      />
      <line
        key="x-27"
        x1={431.5}
        x2={431.5}
        y1={0}
        y2="100%"
      />
      <line
        key="x-28"
        x1={447.5}
        x2={447.5}
        y1={0}
        y2="100%"
      />
      <line
        key="x-29"
        x1={463.5}
        x2={463.5}
        y1={0}
        y2="100%"
      />
      <line
        key="x-30"
        x1={479.5}
        x2={479.5}
        y1={0}
        y2="100%"
      />
      <line
        key="x-31"
        x1={495.5}
        x2={495.5}
        y1={0}
        y2="100%"
      />
    </g>
  </svg>
</div>
`;
