// Jest Snapshot v1, https://goo.gl/fbAQLP

exports[`matches snapshot 1`] = `
<EditorScene
  canvasData={
    Object {
      "c": Object {
        "e": true,
        "m": 9,
        "p": 200,
      },
      "i": 0,
      "t": Object {
        "l": 0,
        "r": Array [
          1572278123270,
        ],
        "u": 1,
      },
      "v": Object {
        "l": 0,
        "r": Array [
          Array [
            0,
            0,
            0,
            0,
            0,
            0,
            0,
            0,
            0,
            0,
            0,
            0,
            0,
            0,
            0,
            0,
            0,
            0,
            0,
            0,
            0,
            0,
            0,
            0,
            0,
            0,
            0,
            0,
            0,
            0,
            0,
            0,
            0,
            0,
            0,
            0,
            0,
            0,
            0,
            0,
            0,
            0,
            0,
            0,
            0,
            0,
            0,
            0,
            0,
            0,
            0,
            0,
            0,
            0,
            0,
            0,
            0,
            0,
            0,
            0,
            0,
            0,
            0,
            0,
          ],
        ],
        "u": 1,
      },
    }
  }
  state={
    Atom {
      "_activating": false,
      "_active": true,
      "_alive": true,
      "_currentEvent": Object {
        "type": "value",
        "value": Object {
          "canvas": Object {
            "scale": 16,
            "size": Array [
              4,
              4,
            ],
          },
          "color": Object {
            "currentColor": 0,
            "currentPalette": 0,
            "palettes": Array [],
          },
          "size": Array [
            16,
            16,
          ],
        },
      },
      "_dispatcher": Dispatcher {
        "_inLoop": 0,
        "_items": Array [
          Object {
            "fn": [Function],
            "type": "any",
          },
          Object {
            "fn": [Function],
            "type": "any",
          },
          Object {
            "fn": [Function],
            "type": "any",
          },
          Object {
            "fn": [Function],
            "type": "any",
          },
          Object {
            "fn": [Function],
            "type": "any",
          },
          Object {
            "fn": [Function],
            "type": "any",
          },
        ],
        "_removedItems": null,
        "_spies": Array [],
      },
      "_logHandlers": null,
      "_spyHandlers": null,
    }
  }
>
  <div
    className="scene-root editor-root"
    data-scene-name="editor"
  >
    <div>
      something went wrong
    </div>
  </div>
</EditorScene>
`;
