// Jest Snapshot v1, https://goo.gl/fbAQLP

exports[`renders correctly 1`] = `
<div
  className="scene-root splash-root"
  data-scene-name="splash"
>
  <FromClass
    args={
      Array [
        Symbol(react.fragment),
        Object {},
        Combine {
          "_activating": false,
          "_active": false,
          "_alive": true,
          "_currentEvent": null,
          "_dispatcher": Dispatcher {
            "_inLoop": 0,
            "_items": Array [],
            "_removedItems": null,
            "_spies": Array [],
          },
          "_f": [Function],
          "_h": null,
          "_logHandlers": null,
          "_n": 1,
          "_spyHandlers": null,
          "_x": Array [
            AnonymousObservable {
              "_$handleAny": [Function],
              "_activating": false,
              "_active": false,
              "_alive": true,
              "_currentEvent": null,
              "_dispatcher": Dispatcher {
                "_inLoop": 0,
                "_items": Array [],
                "_removedItems": null,
                "_spies": Array [],
              },
              "_getInitialCurrent": [Function],
              "_logHandlers": null,
              "_name": "constant.toProperty",
              "_source": P {
                "_currentEvent": Object {
                  "current": true,
                  "type": "value",
                  "value": undefined,
                },
              },
              "_spyHandlers": null,
            },
          ],
        },
      ]
    }
  />
  <div
    className="splash-logo"
  >
    <img
      alt="pixel"
      src="logo.svg"
    />
    <h1>
      pixel
    </h1>
  </div>
</div>
`;
