// Jest Snapshot v1, https://goo.gl/fbAQLP

exports[`matches snapshot 1`] = `
<main
  className="layout--main debugRoot"
>
  <BrowserRouter>
    <Switch>
      <Route
        component={[Function]}
        path="/load"
      />
      <Route
        component={[Function]}
        path="/editor"
      />
      <Route
        component={[Function]}
        exact={true}
        path="/"
      />
      <Route
        path="/test"
      >
        <Switch>
          <Route
            component={[Function]}
            path="/test/splash"
          />
          <Route
            component={[Function]}
            path="/test/panels"
          />
        </Switch>
      </Route>
      <Route
        component={[Function]}
      />
    </Switch>
  </BrowserRouter>
</main>
`;
