// Jest Snapshot v1, https://goo.gl/fbAQLP

exports[`matches snapshot: empty dropdown 1`] = `
<Dropdown>
  <div
    className="root"
  >
    <select
      onChange={[Function]}
    />
  </div>
</Dropdown>
`;

exports[`matches snapshot: non-empty dropdown 1`] = `
<Dropdown
  items={
    Array [
      Object {
        "name": "top",
      },
      Object {
        "name": "kek",
      },
    ]
  }
>
  <div
    className="root"
  />
</Dropdown>
`;
